// Jest Snapshot v1, https://goo.gl/fbAQLP

exports[`featured component renders component 1`] = `
Object {
  "asFragment": [Function],
  "baseElement": <body>
    <div>
      <div
        class="featured-slideshow"
        data-testid="featured-section"
      >
        <div
          class="featured-section"
          data-testid="feature-img-0"
          style="transform: translate3d(0%, 0, 0);"
        >
          <div
            class="featured-slider"
            data-testid="img-container0"
          >
            <div
              class="featured-image"
              style="background-image: url(/assets/images/featured1.png);"
            >
              <button
                class="modal-button"
                data-testid="btn-0"
                id="btn-0"
              >
                More Info
              </button>
            </div>
          </div>
          <div
            class="featured-slider"
            data-testid="img-container1"
          >
            <div
              class="featured-image"
              style="background-image: url(/assets/images/featured2.png);"
            >
              <button
                class="modal-button"
                data-testid="btn-1"
                id="btn-1"
              >
                More Info
              </button>
            </div>
          </div>
        </div>
        <div
          class="slideshowDots"
        >
          <div
            class="slideshowDot active"
            data-testid="slider-status-0"
          />
          <div
            class="slideshowDot"
            data-testid="slider-status-1"
          />
        </div>
        <div
          class="icon icon-left"
          data-testid="cursor-left"
        >
          <i
            class="fas fa-chevron-left"
          />
        </div>
        <div
          class="icon icon-right"
          data-testid="cursor-right"
        >
          <i
            class="fas fa-chevron-right"
          />
        </div>
      </div>
    </div>
  </body>,
  "container": <div>
    <div
      class="featured-slideshow"
      data-testid="featured-section"
    >
      <div
        class="featured-section"
        data-testid="feature-img-0"
        style="transform: translate3d(0%, 0, 0);"
      >
        <div
          class="featured-slider"
          data-testid="img-container0"
        >
          <div
            class="featured-image"
            style="background-image: url(/assets/images/featured1.png);"
          >
            <button
              class="modal-button"
              data-testid="btn-0"
              id="btn-0"
            >
              More Info
            </button>
          </div>
        </div>
        <div
          class="featured-slider"
          data-testid="img-container1"
        >
          <div
            class="featured-image"
            style="background-image: url(/assets/images/featured2.png);"
          >
            <button
              class="modal-button"
              data-testid="btn-1"
              id="btn-1"
            >
              More Info
            </button>
          </div>
        </div>
      </div>
      <div
        class="slideshowDots"
      >
        <div
          class="slideshowDot active"
          data-testid="slider-status-0"
        />
        <div
          class="slideshowDot"
          data-testid="slider-status-1"
        />
      </div>
      <div
        class="icon icon-left"
        data-testid="cursor-left"
      >
        <i
          class="fas fa-chevron-left"
        />
      </div>
      <div
        class="icon icon-right"
        data-testid="cursor-right"
      >
        <i
          class="fas fa-chevron-right"
        />
      </div>
    </div>
  </div>,
  "debug": [Function],
  "findAllByAltText": [Function],
  "findAllByDisplayValue": [Function],
  "findAllByLabelText": [Function],
  "findAllByPlaceholderText": [Function],
  "findAllByRole": [Function],
  "findAllByTestId": [Function],
  "findAllByText": [Function],
  "findAllByTitle": [Function],
  "findByAltText": [Function],
  "findByDisplayValue": [Function],
  "findByLabelText": [Function],
  "findByPlaceholderText": [Function],
  "findByRole": [Function],
  "findByTestId": [Function],
  "findByText": [Function],
  "findByTitle": [Function],
  "getAllByAltText": [Function],
  "getAllByDisplayValue": [Function],
  "getAllByLabelText": [Function],
  "getAllByPlaceholderText": [Function],
  "getAllByRole": [Function],
  "getAllByTestId": [Function],
  "getAllByText": [Function],
  "getAllByTitle": [Function],
  "getByAltText": [Function],
  "getByDisplayValue": [Function],
  "getByLabelText": [Function],
  "getByPlaceholderText": [Function],
  "getByRole": [Function],
  "getByTestId": [Function],
  "getByText": [Function],
  "getByTitle": [Function],
  "queryAllByAltText": [Function],
  "queryAllByDisplayValue": [Function],
  "queryAllByLabelText": [Function],
  "queryAllByPlaceholderText": [Function],
  "queryAllByRole": [Function],
  "queryAllByTestId": [Function],
  "queryAllByText": [Function],
  "queryAllByTitle": [Function],
  "queryByAltText": [Function],
  "queryByDisplayValue": [Function],
  "queryByLabelText": [Function],
  "queryByPlaceholderText": [Function],
  "queryByRole": [Function],
  "queryByTestId": [Function],
  "queryByText": [Function],
  "queryByTitle": [Function],
  "rerender": [Function],
  "unmount": [Function],
}
`;
